// Jest Snapshot v1, https://goo.gl/fbAQLP

exports[`on files on options snapshot 1`] = `
Object {
  "root": "../",
}
`;
